../drivers/Src/stm32f411xx_spi_driver.c:15:6:SPI_PeriClockControl	16	static
../drivers/Src/stm32f411xx_spi_driver.c:32:6:SPI_Init	24	static
../drivers/Src/stm32f411xx_spi_driver.c:67:6:SPI_Denit	16	static
../drivers/Src/stm32f411xx_spi_driver.c:71:9:SPI_GetFlagStatus	16	static
../drivers/Src/stm32f411xx_spi_driver.c:78:6:SPI_SendData	24	static
../drivers/Src/stm32f411xx_spi_driver.c:101:6:SPI_ReceiveData	32	static
../drivers/Src/stm32f411xx_spi_driver.c:126:6:SPI_SSIConfig	16	static
../drivers/Src/stm32f411xx_spi_driver.c:135:6:SPI_SSOEConfig	16	static
../drivers/Src/stm32f411xx_spi_driver.c:144:6:SPI_IRQInterrupt	16	static
../drivers/Src/stm32f411xx_spi_driver.c:169:6:SPI_IRQPriorityConfig	24	static
../drivers/Src/stm32f411xx_spi_driver.c:179:9:SPI_SendDataIT	32	static
../drivers/Src/stm32f411xx_spi_driver.c:197:9:SPI_ReceiveDataIT	32	static
../drivers/Src/stm32f411xx_spi_driver.c:216:6:SPI_IRQHandling	24	static
../drivers/Src/stm32f411xx_spi_driver.c:248:6:SPI_CloseTransmission	16	static
../drivers/Src/stm32f411xx_spi_driver.c:255:6:SPI_CloseReception	16	static
../drivers/Src/stm32f411xx_spi_driver.c:262:6:SPI_ClearOVRFlag	24	static
../drivers/Src/stm32f411xx_spi_driver.c:269:13:spi_txe_interrupt_handle	16	static
../drivers/Src/stm32f411xx_spi_driver.c:299:13:spi_rxne_interrupt_handle	16	static
../drivers/Src/stm32f411xx_spi_driver.c:329:13:spi_ovr_err_interrupt_handle	24	static
../drivers/Src/stm32f411xx_spi_driver.c:344:13:SPI_ApplicationEventCallback	16	static
