03:33:33 **** Clean-only build of configuration Debug for project GPIO_Driver ****
make -j16 clean 
rm -rf ./drivers/Src/stm32f411xx_gpio_driver.cyclo ./drivers/Src/stm32f411xx_gpio_driver.d ./drivers/Src/stm32f411xx_gpio_driver.o ./drivers/Src/stm32f411xx_gpio_driver.su
rm -rf ./Startup/startup_stm32f411vetx.d ./Startup/startup_stm32f411vetx.o
rm -rf ./Src/main.cyclo ./Src/main.d ./Src/main.o ./Src/main.su ./Src/syscalls.cyclo ./Src/syscalls.d ./Src/syscalls.o ./Src/syscalls.su ./Src/sysmem.cyclo ./Src/sysmem.d ./Src/sysmem.o ./Src/sysmem.su
rm -rf GPIO_Driver.elf GPIO_Driver.list GPIO_Driver.map default.size.stdout
 
03:33:35 **** Build of configuration Debug for project GPIO_Driver ****
make -j16 all 
arm-none-eabi-gcc "../drivers/Src/stm32f411xx_gpio_driver.c" -mcpu=cortex-m4 -std=gnu11 -g3 -DDEBUG -DSTM32F411VETx -DSTM32 -DSTM32F4 -c -I../Inc -I"H:/STM32_Drivers/Drivers/GPIO_Driver/drivers/Inc" -O0 -ffunction-sections -fdata-sections -Wall -fstack-usage -fcyclomatic-complexity -MMD -MP -MF"drivers/Src/stm32f411xx_gpio_driver.d" -MT"drivers/Src/stm32f411xx_gpio_driver.o" --specs=nano.specs -mfloat-abi=soft -mthumb -o "drivers/Src/stm32f411xx_gpio_driver.o"
arm-none-eabi-gcc -mcpu=cortex-m4 -g3 -DDEBUG -c -x assembler-with-cpp -MMD -MP -MF"Startup/startup_stm32f411vetx.d" -MT"Startup/startup_stm32f411vetx.o" --specs=nano.specs -mfloat-abi=soft -mthumb -o "Startup/startup_stm32f411vetx.o" "../Startup/startup_stm32f411vetx.s"
arm-none-eabi-gcc "../Src/main.c" -mcpu=cortex-m4 -std=gnu11 -g3 -DDEBUG -DSTM32F411VETx -DSTM32 -DSTM32F4 -c -I../Inc -I"H:/STM32_Drivers/Drivers/GPIO_Driver/drivers/Inc" -O0 -ffunction-sections -fdata-sections -Wall -fstack-usage -fcyclomatic-complexity -MMD -MP -MF"Src/main.d" -MT"Src/main.o" --specs=nano.specs -mfloat-abi=soft -mthumb -o "Src/main.o"
arm-none-eabi-gcc "../Src/syscalls.c" -mcpu=cortex-m4 -std=gnu11 -g3 -DDEBUG -DSTM32F411VETx -DSTM32 -DSTM32F4 -c -I../Inc -I"H:/STM32_Drivers/Drivers/GPIO_Driver/drivers/Inc" -O0 -ffunction-sections -fdata-sections -Wall -fstack-usage -fcyclomatic-complexity -MMD -MP -MF"Src/syscalls.d" -MT"Src/syscalls.o" --specs=nano.specs -mfloat-abi=soft -mthumb -o "Src/syscalls.o"
arm-none-eabi-gcc "../Src/sysmem.c" -mcpu=cortex-m4 -std=gnu11 -g3 -DDEBUG -DSTM32F411VETx -DSTM32 -DSTM32F4 -c -I../Inc -I"H:/STM32_Drivers/Drivers/GPIO_Driver/drivers/Inc" -O0 -ffunction-sections -fdata-sections -Wall -fstack-usage -fcyclomatic-complexity -MMD -MP -MF"Src/sysmem.d" -MT"Src/sysmem.o" --specs=nano.specs -mfloat-abi=soft -mthumb -o "Src/sysmem.o"
../drivers/Src/stm32f411xx_gpio_driver.c: In function 'HAL_GPIO_Init':
../drivers/Src/stm32f411xx_gpio_driver.c:62:17: error: 'SYSCFG' undeclared (first use in this function)
   62 |                 SYSCFG->EXTICR[temp1] = portcode << ( temp2 * 4);
      |                 ^~~~~~
../drivers/Src/stm32f411xx_gpio_driver.c:62:17: note: each undeclared identifier is reported only once for each function it appears in
../drivers/Src/stm32f411xx_gpio_driver.c:63:21: error: 'EXTI_TypeDef' has no member named 'IMR'
   63 |                 EXTI->IMR |= 1 << pGPIOHandle->GPIO_PinConfig.GPIO_PinNumber;
      |                     ^~
../drivers/Src/stm32f411xx_gpio_driver.c:63:35: error: 'pGPIOHandle' undeclared (first use in this function); did you mean 'GPIOHandle'?
   63 |                 EXTI->IMR |= 1 << pGPIOHandle->GPIO_PinConfig.GPIO_PinNumber;
      |                                   ^~~~~~~~~~~
      |                                   GPIOHandle
../drivers/Src/stm32f411xx_gpio_driver.c:59:25: warning: variable 'temp1' set but not used [-Wunused-but-set-variable]
   59 |                 uint8_t temp1 = PinNum/4;
      |                         ^~~~~
../drivers/Src/stm32f411xx_gpio_driver.c: In function 'printMessage':
../drivers/Src/stm32f411xx_gpio_driver.c:110:9: warning: implicit declaration of function 'printf' [-Wimplicit-function-declaration]
  110 |         printf("he he\n");
      |         ^~~~~~
../drivers/Src/stm32f411xx_gpio_driver.c:10:1: note: include '<stdio.h>' or provide a declaration of 'printf'
    9 | #include "stm32f411xx_gpio_driver.h"
  +++ |+#include <stdio.h>
   10 | 
../drivers/Src/stm32f411xx_gpio_driver.c:110:9: warning: incompatible implicit declaration of built-in function 'printf' [-Wbuiltin-declaration-mismatch]
  110 |         printf("he he\n");
      |         ^~~~~~
../drivers/Src/stm32f411xx_gpio_driver.c:110:9: note: include '<stdio.h>' or provide a declaration of 'printf'
../drivers/Src/stm32f411xx_gpio_driver.c: In function 'HAL_GPIO_ReadPin':
../drivers/Src/stm32f411xx_gpio_driver.c:82:1: warning: control reaches end of non-void function [-Wreturn-type]
   82 | }
      | ^
make: *** [drivers/Src/subdir.mk:19: drivers/Src/stm32f411xx_gpio_driver.o] Error 1
make: *** Waiting for unfinished jobs....
"make -j16 all" terminated with exit code 2. Build might be incomplete.
03:34:31 **** Incremental Build of configuration Debug for project GPIO_Driver ****
make -j16 all 
arm-none-eabi-gcc "../drivers/Src/stm32f411xx_gpio_driver.c" -mcpu=cortex-m4 -std=gnu11 -g3 -DDEBUG -DSTM32F411VETx -DSTM32 -DSTM32F4 -c -I../Inc -I"H:/STM32_Drivers/Drivers/GPIO_Driver/drivers/Inc" -O0 -ffunction-sections -fdata-sections -Wall -fstack-usage -fcyclomatic-complexity -MMD -MP -MF"drivers/Src/stm32f411xx_gpio_driver.d" -MT"drivers/Src/stm32f411xx_gpio_driver.o" --specs=nano.specs -mfloat-abi=soft -mthumb -o "drivers/Src/stm32f411xx_gpio_driver.o"
arm-none-eabi-gcc "../Src/main.c" -mcpu=cortex-m4 -std=gnu11 -g3 -DDEBUG -DSTM32F411VETx -DSTM32 -DSTM32F4 -c -I../Inc -I"H:/STM32_Drivers/Drivers/GPIO_Driver/drivers/Inc" -O0 -ffunction-sections -fdata-sections -Wall -fstack-usage -fcyclomatic-complexity -MMD -MP -MF"Src/main.d" -MT"Src/main.o" --specs=nano.specs -mfloat-abi=soft -mthumb -o "Src/main.o"
../drivers/Src/stm32f411xx_gpio_driver.c: In function 'HAL_GPIO_ReadPin':
../drivers/Src/stm32f411xx_gpio_driver.c:82:1: warning: control reaches end of non-void function [-Wreturn-type]
   82 | }
      | ^
../Src/main.c: In function 'main':
../Src/main.c:22:9: warning: implicit declaration of function 'printMessage' [-Wimplicit-function-declaration]
   22 |         printMessage();
      |         ^~~~~~~~~~~~
arm-none-eabi-gcc -o "GPIO_Driver.elf" @"objects.list"   -mcpu=cortex-m4 -T"H:\STM32_Drivers\Drivers\GPIO_Driver\STM32F411VETX_FLASH.ld" --specs=nosys.specs -Wl,-Map="GPIO_Driver.map" -Wl,--gc-sections -static --specs=nano.specs -mfloat-abi=soft -mthumb -Wl,--start-group -lc -lm -Wl,--end-group
C:/ST/STM32CubeIDE_1.15.1/STM32CubeIDE/plugins/com.st.stm32cube.ide.mcu.externaltools.gnu-tools-for-stm32.12.3.rel1.win32_1.0.100.202403111256/tools/bin/../lib/gcc/arm-none-eabi/12.3.1/../../../../arm-none-eabi/bin/ld.exe: ./Src/main.o: in function `main':
H:/STM32_Drivers/Drivers/GPIO_Driver/Debug/../Src/main.c:22: undefined reference to `printMessage'
collect2.exe: error: ld returned 1 exit status
make: *** [makefile:64: GPIO_Driver.elf] Error 1
"make -j16 all" terminated with exit code 2. Build might be incomplete.
03:34:42 **** Incremental Build of configuration Debug for project GPIO_Driver ****
make -j16 all 
arm-none-eabi-gcc "../Src/main.c" -mcpu=cortex-m4 -std=gnu11 -g3 -DDEBUG -DSTM32F411VETx -DSTM32 -DSTM32F4 -c -I../Inc -I"H:/STM32_Drivers/Drivers/GPIO_Driver/drivers/Inc" -O0 -ffunction-sections -fdata-sections -Wall -fstack-usage -fcyclomatic-complexity -MMD -MP -MF"Src/main.d" -MT"Src/main.o" --specs=nano.specs -mfloat-abi=soft -mthumb -o "Src/main.o"
arm-none-eabi-gcc -o "GPIO_Driver.elf" @"objects.list"   -mcpu=cortex-m4 -T"H:\STM32_Drivers\Drivers\GPIO_Driver\STM32F411VETX_FLASH.ld" --specs=nosys.specs -Wl,-Map="GPIO_Driver.map" -Wl,--gc-sections -static --specs=nano.specs -mfloat-abi=soft -mthumb -Wl,--start-group -lc -lm -Wl,--end-group
Finished building target: GPIO_Driver.elf
 
arm-none-eabi-size  GPIO_Driver.elf 
arm-none-eabi-objdump -h -S GPIO_Driver.elf  > "GPIO_Driver.list"
   text	   data	    bss	    dec	    hex	filename
    676	      0	   1568	   2244	    8c4	GPIO_Driver.elf
Finished building: default.size.stdout
 
Finished building: GPIO_Driver.list
 
03:34:56 **** Incremental Build of configuration Debug for project GPIO_Driver ****
make -j16 all 
arm-none-eabi-gcc "../drivers/Src/stm32f411xx_gpio_driver.c" -mcpu=cortex-m4 -std=gnu11 -g3 -DDEBUG -DSTM32F411VETx -DSTM32 -DSTM32F4 -c -I../Inc -I"H:/STM32_Drivers/Drivers/GPIO_Driver/drivers/Inc" -O0 -ffunction-sections -fdata-sections -Wall -fstack-usage -fcyclomatic-complexity -MMD -MP -MF"drivers/Src/stm32f411xx_gpio_driver.d" -MT"drivers/Src/stm32f411xx_gpio_driver.o" --specs=nano.specs -mfloat-abi=soft -mthumb -o "drivers/Src/stm32f411xx_gpio_driver.o"
../drivers/Src/stm32f411xx_gpio_driver.c: In function 'HAL_GPIO_Init':
../drivers/Src/stm32f411xx_gpio_driver.c:62:17: error: 'SYSCFG' undeclared (first use in this function)
   62 |                 SYSCFG->EXTICR[temp1] = portcode << ( temp2 * 4);
      |                 ^~~~~~
../drivers/Src/stm32f411xx_gpio_driver.c:62:17: note: each undeclared identifier is reported only once for each function it appears in
../drivers/Src/stm32f411xx_gpio_driver.c:63:21: error: 'EXTI_TypeDef' has no member named 'IMR'
   63 |                 EXTI->IMR |= 1 << pGPIOHandle->GPIO_PinConfig.GPIO_PinNumber;
      |                     ^~
../drivers/Src/stm32f411xx_gpio_driver.c:63:35: error: 'pGPIOHandle' undeclared (first use in this function); did you mean 'GPIOHandle'?
   63 |                 EXTI->IMR |= 1 << pGPIOHandle->GPIO_PinConfig.GPIO_PinNumber;
      |                                   ^~~~~~~~~~~
      |                                   GPIOHandle
../drivers/Src/stm32f411xx_gpio_driver.c:59:25: warning: variable 'temp1' set but not used [-Wunused-but-set-variable]
   59 |                 uint8_t temp1 = PinNum/4;
      |                         ^~~~~
../drivers/Src/stm32f411xx_gpio_driver.c: In function 'HAL_GPIO_ReadPin':
../drivers/Src/stm32f411xx_gpio_driver.c:82:1: warning: control reaches end of non-void function [-Wreturn-type]
   82 | }
      | ^
make: *** [drivers/Src/subdir.mk:19: drivers/Src/stm32f411xx_gpio_driver.o] Error 1
"make -j16 all" terminated with exit code 2. Build might be incomplete.
03:35:20 **** Incremental Build of configuration Debug for project GPIO_Driver ****
make -j16 all 
arm-none-eabi-gcc "../drivers/Src/stm32f411xx_gpio_driver.c" -mcpu=cortex-m4 -std=gnu11 -g3 -DDEBUG -DSTM32F411VETx -DSTM32 -DSTM32F4 -c -I../Inc -I"H:/STM32_Drivers/Drivers/GPIO_Driver/drivers/Inc" -O0 -ffunction-sections -fdata-sections -Wall -fstack-usage -fcyclomatic-complexity -MMD -MP -MF"drivers/Src/stm32f411xx_gpio_driver.d" -MT"drivers/Src/stm32f411xx_gpio_driver.o" --specs=nano.specs -mfloat-abi=soft -mthumb -o "drivers/Src/stm32f411xx_gpio_driver.o"
../drivers/Src/stm32f411xx_gpio_driver.c: In function 'HAL_GPIO_Init':
../drivers/Src/stm32f411xx_gpio_driver.c:61:25: warning: unused variable 'portcode' [-Wunused-variable]
   61 |                 uint8_t portcode = GPIO_BASEADDR_TO_CODE(GPIOHandle->GPIOx);
      |                         ^~~~~~~~
../drivers/Src/stm32f411xx_gpio_driver.c:60:25: warning: unused variable 'temp2' [-Wunused-variable]
   60 |                 uint8_t temp2 = PinNum%4;
      |                         ^~~~~
../drivers/Src/stm32f411xx_gpio_driver.c:59:25: warning: unused variable 'temp1' [-Wunused-variable]
   59 |                 uint8_t temp1 = PinNum/4;
      |                         ^~~~~
../drivers/Src/stm32f411xx_gpio_driver.c: In function 'HAL_GPIO_ReadPin':
../drivers/Src/stm32f411xx_gpio_driver.c:82:1: warning: control reaches end of non-void function [-Wreturn-type]
   82 | }
      | ^
arm-none-eabi-gcc -o "GPIO_Driver.elf" @"objects.list"   -mcpu=cortex-m4 -T"H:\STM32_Drivers\Drivers\GPIO_Driver\STM32F411VETX_FLASH.ld" --specs=nosys.specs -Wl,-Map="GPIO_Driver.map" -Wl,--gc-sections -static --specs=nano.specs -mfloat-abi=soft -mthumb -Wl,--start-group -lc -lm -Wl,--end-group
Finished building target: GPIO_Driver.elf
 
arm-none-eabi-size  GPIO_Driver.elf 
arm-none-eabi-objdump -h -S GPIO_Driver.elf  > "GPIO_Driver.list"
   text	   data	    bss	    dec	    hex	filename
    676	      0	   1568	   2244	    8c4	GPIO_Driver.elf
Finished building: default.size.stdout
 
Finished building: GPIO_Driver.list
 
