00:53:35 **** Incremental Build of configuration Debug for project GPIO_Driver ****
make -j16 all 
arm-none-eabi-gcc "../drivers/Src/stm32f411xx_gpio_driver.c" -mcpu=cortex-m4 -std=gnu11 -g3 -DDEBUG -DSTM32F411VETx -DSTM32 -DSTM32F4 -c -I../Inc -I"H:/STM32_Drivers/Drivers/GPIO_Driver/drivers/Inc" -O0 -ffunction-sections -fdata-sections -Wall -fstack-usage -fcyclomatic-complexity -MMD -MP -MF"drivers/Src/stm32f411xx_gpio_driver.d" -MT"drivers/Src/stm32f411xx_gpio_driver.o" --specs=nano.specs -mfloat-abi=soft -mthumb -o "drivers/Src/stm32f411xx_gpio_driver.o"
arm-none-eabi-gcc -mcpu=cortex-m4 -g3 -DDEBUG -c -x assembler-with-cpp -MMD -MP -MF"Startup/startup_stm32f411vetx.d" -MT"Startup/startup_stm32f411vetx.o" --specs=nano.specs -mfloat-abi=soft -mthumb -o "Startup/startup_stm32f411vetx.o" "../Startup/startup_stm32f411vetx.s"
arm-none-eabi-gcc "../Src/main.c" -mcpu=cortex-m4 -std=gnu11 -g3 -DDEBUG -DSTM32F411VETx -DSTM32 -DSTM32F4 -c -I../Inc -I"H:/STM32_Drivers/Drivers/GPIO_Driver/drivers/Inc" -O0 -ffunction-sections -fdata-sections -Wall -fstack-usage -fcyclomatic-complexity -MMD -MP -MF"Src/main.d" -MT"Src/main.o" --specs=nano.specs -mfloat-abi=soft -mthumb -o "Src/main.o"
arm-none-eabi-gcc "../Src/syscalls.c" -mcpu=cortex-m4 -std=gnu11 -g3 -DDEBUG -DSTM32F411VETx -DSTM32 -DSTM32F4 -c -I../Inc -I"H:/STM32_Drivers/Drivers/GPIO_Driver/drivers/Inc" -O0 -ffunction-sections -fdata-sections -Wall -fstack-usage -fcyclomatic-complexity -MMD -MP -MF"Src/syscalls.d" -MT"Src/syscalls.o" --specs=nano.specs -mfloat-abi=soft -mthumb -o "Src/syscalls.o"
arm-none-eabi-gcc "../Src/sysmem.c" -mcpu=cortex-m4 -std=gnu11 -g3 -DDEBUG -DSTM32F411VETx -DSTM32 -DSTM32F4 -c -I../Inc -I"H:/STM32_Drivers/Drivers/GPIO_Driver/drivers/Inc" -O0 -ffunction-sections -fdata-sections -Wall -fstack-usage -fcyclomatic-complexity -MMD -MP -MF"Src/sysmem.d" -MT"Src/sysmem.o" --specs=nano.specs -mfloat-abi=soft -mthumb -o "Src/sysmem.o"
arm-none-eabi-gcc -o "GPIO_Driver.elf" @"objects.list"   -mcpu=cortex-m4 -T"H:\STM32_Drivers\Drivers\GPIO_Driver\STM32F411VETX_FLASH.ld" --specs=nosys.specs -Wl,-Map="GPIO_Driver.map" -Wl,--gc-sections -static --specs=nano.specs -mfloat-abi=soft -mthumb -Wl,--start-group -lc -lm -Wl,--end-group
Finished building target: GPIO_Driver.elf
 
arm-none-eabi-size  GPIO_Driver.elf 
arm-none-eabi-objdump -h -S GPIO_Driver.elf  > "GPIO_Driver.list"
   text	   data	    bss	    dec	    hex	filename
   1748	      0	   1568	   3316	    cf4	GPIO_Driver.elf
Finished building: default.size.stdout
 
Finished building: GPIO_Driver.list
 

00:53:37 Build Finished. 0 errors, 0 warnings. (took 1s.753ms)

