03:35:20 **** Incremental Build of configuration Debug for project GPIO_Driver ****
make -j16 all 
arm-none-eabi-gcc "../drivers/Src/stm32f411xx_gpio_driver.c" -mcpu=cortex-m4 -std=gnu11 -g3 -DDEBUG -DSTM32F411VETx -DSTM32 -DSTM32F4 -c -I../Inc -I"H:/STM32_Drivers/Drivers/GPIO_Driver/drivers/Inc" -O0 -ffunction-sections -fdata-sections -Wall -fstack-usage -fcyclomatic-complexity -MMD -MP -MF"drivers/Src/stm32f411xx_gpio_driver.d" -MT"drivers/Src/stm32f411xx_gpio_driver.o" --specs=nano.specs -mfloat-abi=soft -mthumb -o "drivers/Src/stm32f411xx_gpio_driver.o"
../drivers/Src/stm32f411xx_gpio_driver.c: In function 'HAL_GPIO_Init':
../drivers/Src/stm32f411xx_gpio_driver.c:61:25: warning: unused variable 'portcode' [-Wunused-variable]
   61 |                 uint8_t portcode = GPIO_BASEADDR_TO_CODE(GPIOHandle->GPIOx);
      |                         ^~~~~~~~
../drivers/Src/stm32f411xx_gpio_driver.c:60:25: warning: unused variable 'temp2' [-Wunused-variable]
   60 |                 uint8_t temp2 = PinNum%4;
      |                         ^~~~~
../drivers/Src/stm32f411xx_gpio_driver.c:59:25: warning: unused variable 'temp1' [-Wunused-variable]
   59 |                 uint8_t temp1 = PinNum/4;
      |                         ^~~~~
../drivers/Src/stm32f411xx_gpio_driver.c: In function 'HAL_GPIO_ReadPin':
../drivers/Src/stm32f411xx_gpio_driver.c:82:1: warning: control reaches end of non-void function [-Wreturn-type]
   82 | }
      | ^
arm-none-eabi-gcc -o "GPIO_Driver.elf" @"objects.list"   -mcpu=cortex-m4 -T"H:\STM32_Drivers\Drivers\GPIO_Driver\STM32F411VETX_FLASH.ld" --specs=nosys.specs -Wl,-Map="GPIO_Driver.map" -Wl,--gc-sections -static --specs=nano.specs -mfloat-abi=soft -mthumb -Wl,--start-group -lc -lm -Wl,--end-group
Finished building target: GPIO_Driver.elf
 
arm-none-eabi-size  GPIO_Driver.elf 
arm-none-eabi-objdump -h -S GPIO_Driver.elf  > "GPIO_Driver.list"
   text	   data	    bss	    dec	    hex	filename
    676	      0	   1568	   2244	    8c4	GPIO_Driver.elf
Finished building: default.size.stdout
 
Finished building: GPIO_Driver.list
 

03:35:20 Build Finished. 0 errors, 4 warnings. (took 340ms)

